07/12/2026 20:30:57 - INFO - __main__ -   ============================================================
07/12/2026 20:30:57 - INFO - __main__ -   ckpt              : C:\Users\wsh\Desktop\q-diffusion-master\two_quant_output_w4a8\samples\2025-12-02-11-26-18\ckpt.pth
07/12/2026 20:30:57 - INFO - __main__ -   intermediate      : C:\Users\wsh\Desktop\q-diffusion-master\two_quant_output_w4a8\samples\2025-12-02-11-26-18\intermediate_noise_images.pt
07/12/2026 20:30:57 - INFO - __main__ -   image output      : C:\Users\wsh\Desktop\q-diffusion-master\two_quant_output_w4a8\samples\2025-12-02-11-26-18\images_split_20260712-203056
07/12/2026 20:30:57 - INFO - __main__ -   image mode        : fresh (images_split_*)
07/12/2026 20:30:57 - INFO - __main__ -   DDIM 100-step(quad): 前半 50步(800->195), 后半 50步(195->0)
07/12/2026 20:30:57 - INFO - __main__ -   ============================================================
07/12/2026 20:30:57 - INFO - __main__ -   Loading FP checkpoint: C:\Users\wsh/.cache\diffusion_models_converted\ema_diffusion_cifar10_model/model-790000.ckpt
07/12/2026 20:30:57 - INFO - __main__ -   Loading quantized ckpt: C:\Users\wsh\Desktop\q-diffusion-master\two_quant_output_w4a8\samples\2025-12-02-11-26-18\ckpt.pth
07/12/2026 20:31:07 - INFO - qdiff.quant_layer -   split at 256!
07/12/2026 20:31:08 - INFO - qdiff.quant_layer -   split at 256!
07/12/2026 20:31:09 - INFO - qdiff.quant_layer -   split at 256!
07/12/2026 20:31:11 - INFO - qdiff.quant_layer -   split at 256!
07/12/2026 20:31:12 - INFO - qdiff.quant_layer -   split at 256!
07/12/2026 20:31:13 - INFO - qdiff.quant_layer -   split at 256!
07/12/2026 20:31:14 - INFO - qdiff.quant_layer -   split at 256!
07/12/2026 20:31:16 - INFO - qdiff.quant_layer -   split at 256!
07/12/2026 20:31:18 - INFO - qdiff.quant_layer -   split at 256!
07/12/2026 20:31:20 - INFO - qdiff.quant_layer -   split at 256!
07/12/2026 20:31:21 - INFO - qdiff.quant_layer -   split at 128!
07/12/2026 20:31:21 - INFO - qdiff.quant_layer -   split at 128!
07/12/2026 22:17:10 - INFO - __main__ -   已保存中间态: C:\Users\wsh\Desktop\q-diffusion-master\two_quant_output_w4a8\samples\2025-12-02-11-26-18\intermediate_noise_images.pt
07/12/2026 22:17:11 - INFO - __main__ -   后半段 PNG 输出目录: C:\Users\wsh\Desktop\q-diffusion-master\two_quant_output_w4a8\samples\2025-12-02-11-26-18\images_split_20260712-203056
07/12/2026 22:17:11 - INFO - __main__ -   本次生成编号范围: 0 ~ 49999
07/13/2026 00:05:21 - INFO - __main__ -   后半段完成，共写入 50000 张 PNG -> C:\Users\wsh\Desktop\q-diffusion-master\two_quant_output_w4a8\samples\2025-12-02-11-26-18\images_split_20260712-203056
07/25/2026 13:36:57 - INFO - __main__ -   ============================================================
07/25/2026 13:36:57 - INFO - __main__ -   ckpt              : C:\Users\wsh\Desktop\q-diffusion-master\two_quant_output_w4a8\samples\2025-12-02-11-26-18\ckpt.pth
07/25/2026 13:36:57 - INFO - __main__ -   intermediate      : C:\Users\wsh\Desktop\q-diffusion-master\two_quant_output_w4a8\samples\2025-12-02-11-26-18\intermediate_noise_images.pt
07/25/2026 13:36:57 - INFO - __main__ -   image output      : C:\Users\wsh\Desktop\q-diffusion-master\w4a8_ours_splitrun
07/25/2026 13:36:57 - INFO - __main__ -   image mode        : custom folder
07/25/2026 13:36:57 - INFO - __main__ -   DDIM 100-step(quad): 前半 50步(800->195), 后半 50步(195->0)
07/25/2026 13:36:57 - INFO - __main__ -   ============================================================
07/25/2026 13:36:58 - INFO - __main__ -   Loading FP checkpoint: C:\Users\wsh/.cache\diffusion_models_converted\ema_diffusion_cifar10_model/model-790000.ckpt
07/25/2026 13:36:59 - INFO - __main__ -   Loading quantized ckpt: C:\Users\wsh\Desktop\q-diffusion-master\two_quant_output_w4a8\samples\2025-12-02-11-26-18\ckpt.pth
07/25/2026 13:37:10 - INFO - qdiff.quant_layer -   split at 256!
07/25/2026 13:37:12 - INFO - qdiff.quant_layer -   split at 256!
07/25/2026 13:37:13 - INFO - qdiff.quant_layer -   split at 256!
07/25/2026 13:37:14 - INFO - qdiff.quant_layer -   split at 256!
07/25/2026 13:37:15 - INFO - qdiff.quant_layer -   split at 256!
07/25/2026 13:37:16 - INFO - qdiff.quant_layer -   split at 256!
07/25/2026 13:37:17 - INFO - qdiff.quant_layer -   split at 256!
07/25/2026 13:37:19 - INFO - qdiff.quant_layer -   split at 256!
07/25/2026 13:37:21 - INFO - qdiff.quant_layer -   split at 256!
07/25/2026 13:37:22 - INFO - qdiff.quant_layer -   split at 256!
07/25/2026 13:37:23 - INFO - qdiff.quant_layer -   split at 128!
07/25/2026 13:37:23 - INFO - qdiff.quant_layer -   split at 128!
07/25/2026 13:38:32 - INFO - __main__ -   ============================================================
07/25/2026 13:38:32 - INFO - __main__ -   ckpt              : C:\Users\wsh\Desktop\q-diffusion-master\two_quant_output_w4a8\samples\2025-12-02-11-26-18\ckpt.pth
07/25/2026 13:38:32 - INFO - __main__ -   intermediate      : C:\Users\wsh\Desktop\q-diffusion-master\two_quant_output_w4a8\samples\2025-12-02-11-26-18\intermediate_noise_images.pt
07/25/2026 13:38:32 - INFO - __main__ -   image output      : C:\Users\wsh\Desktop\q-diffusion-master\w4a8_ours_splitrun
07/25/2026 13:38:32 - INFO - __main__ -   image mode        : custom folder
07/25/2026 13:38:32 - INFO - __main__ -   DDIM 100-step(quad): 前半 50步(800->195), 后半 50步(195->0)
07/25/2026 13:38:32 - INFO - __main__ -   ============================================================
07/25/2026 13:38:33 - INFO - __main__ -   Loading FP checkpoint: C:\Users\wsh/.cache\diffusion_models_converted\ema_diffusion_cifar10_model/model-790000.ckpt
07/25/2026 13:38:35 - INFO - __main__ -   Loading quantized ckpt: C:\Users\wsh\Desktop\q-diffusion-master\two_quant_output_w4a8\samples\2025-12-02-11-26-18\ckpt.pth
07/25/2026 15:16:14 - INFO - __main__ -   已保存中间态: C:\Users\wsh\Desktop\q-diffusion-master\two_quant_output_w4a8\samples\2025-12-02-11-26-18\intermediate_noise_images.pt
07/25/2026 15:16:14 - INFO - __main__ -   后半段 PNG 输出目录: C:\Users\wsh\Desktop\q-diffusion-master\w4a8_ours_splitrun
07/25/2026 15:16:14 - INFO - __main__ -   本次生成编号范围: 0 ~ 49999
07/25/2026 16:55:56 - INFO - __main__ -   后半段完成，共写入 50000 张 PNG -> C:\Users\wsh\Desktop\q-diffusion-master\w4a8_ours_splitrun
