07/07/2026 20:14:28 - INFO - __main__ -   ===========================================================================
07/07/2026 20:14:28 - INFO - __main__ -   logging to:
07/07/2026 20:14:28 - INFO - __main__ -   C:\Users\wsh\Desktop\q-diffusion-master\get_calibrations\two_stage_group_cali\samples\w4a8_FID5.3531
07/07/2026 20:14:28 - INFO - __main__ -   image folder: C:\Users\wsh\Desktop\q-diffusion-master\get_calibrations\two_stage_group_cali\samples\w4a8_FID5.3531\images
07/07/2026 20:14:28 - INFO - __main__ -   ===========================================================================
07/07/2026 20:14:29 - INFO - __main__ -   Loading checkpoint C:\Users\wsh/.cache\diffusion_models_converted\ema_diffusion_cifar10_model/model-790000.ckpt
07/07/2026 20:14:29 - INFO - __main__ -   Load with min-max quick initialization
07/07/2026 20:14:37 - INFO - qdiff.quant_layer -   split at 256!
07/07/2026 20:14:38 - INFO - qdiff.quant_layer -   split at 256!
07/07/2026 20:14:39 - INFO - qdiff.quant_layer -   split at 256!
07/07/2026 20:14:40 - INFO - qdiff.quant_layer -   split at 256!
07/07/2026 20:14:41 - INFO - qdiff.quant_layer -   split at 256!
07/07/2026 20:14:42 - INFO - qdiff.quant_layer -   split at 256!
07/07/2026 20:14:43 - INFO - qdiff.quant_layer -   split at 256!
07/07/2026 20:14:45 - INFO - qdiff.quant_layer -   split at 256!
07/07/2026 20:14:46 - INFO - qdiff.quant_layer -   split at 256!
07/07/2026 20:14:48 - INFO - qdiff.quant_layer -   split at 256!
07/07/2026 20:14:48 - INFO - qdiff.quant_layer -   split at 128!
07/07/2026 20:14:49 - INFO - qdiff.quant_layer -   split at 128!
07/07/2026 20:14:49 - INFO - __main__ -   starting from image 0
07/08/2026 09:10:56 - INFO - __main__ -   ===========================================================================
07/08/2026 09:10:56 - INFO - __main__ -   logging to:
07/08/2026 09:10:56 - INFO - __main__ -   C:\Users\wsh\Desktop\q-diffusion-master\get_calibrations\two_stage_group_cali\samples\w4a8_FID5.3531
07/08/2026 09:10:56 - INFO - __main__ -   image folder: C:\Users\wsh\Desktop\q-diffusion-master\get_calibrations\two_stage_group_cali\samples\w4a8_FID5.3531\images
07/08/2026 09:10:56 - INFO - __main__ -   ===========================================================================
07/08/2026 09:10:57 - INFO - __main__ -   Loading checkpoint C:\Users\wsh/.cache\diffusion_models_converted\ema_diffusion_cifar10_model/model-790000.ckpt
07/08/2026 09:10:57 - INFO - __main__ -   Load with min-max quick initialization
07/08/2026 09:11:07 - INFO - qdiff.quant_layer -   split at 256!
07/08/2026 09:11:08 - INFO - qdiff.quant_layer -   split at 256!
07/08/2026 09:11:09 - INFO - qdiff.quant_layer -   split at 256!
07/08/2026 09:11:10 - INFO - qdiff.quant_layer -   split at 256!
07/08/2026 09:11:11 - INFO - qdiff.quant_layer -   split at 256!
07/08/2026 09:11:12 - INFO - qdiff.quant_layer -   split at 256!
07/08/2026 09:11:13 - INFO - qdiff.quant_layer -   split at 256!
07/08/2026 09:11:14 - INFO - qdiff.quant_layer -   split at 256!
07/08/2026 09:11:16 - INFO - qdiff.quant_layer -   split at 256!
07/08/2026 09:11:17 - INFO - qdiff.quant_layer -   split at 256!
07/08/2026 09:11:18 - INFO - qdiff.quant_layer -   split at 128!
07/08/2026 09:11:18 - INFO - qdiff.quant_layer -   split at 128!
07/08/2026 09:11:19 - INFO - __main__ -   starting from image 0
