04/17/2026 23:00:18 - INFO - __main__ -   ===========================================================================
04/17/2026 23:00:18 - INFO - __main__ -   Host DESKTOP-1QPSH7L
04/17/2026 23:00:18 - INFO - __main__ -   logging to:
04/17/2026 23:00:18 - INFO - __main__ -   church_w8a8_sample\models/ldm/lsun_churches256\samples\2026-04-17-23-00-18
04/17/2026 23:00:18 - INFO - __main__ -   ===========================================================================
04/17/2026 23:00:18 - INFO - __main__ -   Loading model from models/ldm/lsun_churches256/model.ckpt
04/17/2026 23:00:23 - INFO - ldm.util -   DiffusionWrapper has 294.97 M params.
04/17/2026 23:00:23 - INFO - ldm.modules.diffusionmodules.model -   making attention of type 'vanilla' with 512 in_channels
04/17/2026 23:00:23 - INFO - ldm.modules.diffusionmodules.model -   Working with z of shape (1, 4, 32, 32) = 4096 dimensions.
04/17/2026 23:00:24 - INFO - ldm.modules.diffusionmodules.model -   making attention of type 'vanilla' with 512 in_channels
04/17/2026 23:00:25 - INFO - __main__ -   global step: 500000
04/17/2026 23:00:25 - INFO - __main__ -   Switched to EMA weights
04/17/2026 23:00:25 - INFO - __main__ -   Load with min-max quick initialization
04/17/2026 23:01:49 - INFO - __main__ -   Using DDIM sampling with 400 sampling steps and eta=0.0
04/17/2026 23:01:49 - INFO - __main__ -   Running unconditional sampling for 2000 samples
04/17/2026 23:55:47 - INFO - __main__ -   Throughput for this batch: 0.0062215813000317454
04/18/2026 01:17:38 - INFO - __main__ -   Throughput for this batch: 0.0040789857654464
04/18/2026 02:39:58 - INFO - __main__ -   Throughput for this batch: 0.004069265685249585
04/18/2026 04:02:18 - INFO - __main__ -   Throughput for this batch: 0.004069697038532969
04/18/2026 05:24:27 - INFO - __main__ -   Throughput for this batch: 0.004079489748638876
04/18/2026 06:46:48 - INFO - __main__ -   Throughput for this batch: 0.004068707634267182
04/18/2026 08:09:06 - INFO - __main__ -   Throughput for this batch: 0.004071057716115185
04/18/2026 09:31:26 - INFO - __main__ -   Throughput for this batch: 0.00406962552144131
04/18/2026 10:53:45 - INFO - __main__ -   Throughput for this batch: 0.004070381311194754
04/18/2026 12:16:06 - INFO - __main__ -   Throughput for this batch: 0.004069141813445961
04/18/2026 13:38:19 - INFO - __main__ -   Throughput for this batch: 0.0040755488293090555
04/18/2026 15:00:41 - INFO - __main__ -   Throughput for this batch: 0.004068266664486839
04/18/2026 16:23:02 - INFO - __main__ -   Throughput for this batch: 0.004068792672195181
04/18/2026 17:45:24 - INFO - __main__ -   Throughput for this batch: 0.004067611545762568
04/18/2026 19:07:47 - INFO - __main__ -   Throughput for this batch: 0.004067300312358358
04/18/2026 20:15:48 - INFO - __main__ -   Throughput for this batch: 0.004932334686395837
04/18/2026 21:19:54 - INFO - __main__ -   Throughput for this batch: 0.005234495813834057
04/18/2026 22:23:57 - INFO - __main__ -   Throughput for this batch: 0.005238841470100136
04/18/2026 23:28:02 - INFO - __main__ -   Throughput for this batch: 0.00523609046817526
04/19/2026 00:32:07 - INFO - __main__ -   Throughput for this batch: 0.005236907216655449
04/19/2026 01:36:13 - INFO - __main__ -   Throughput for this batch: 0.005234868204673144
04/19/2026 02:40:17 - INFO - __main__ -   Throughput for this batch: 0.005236579554652021
04/19/2026 03:44:23 - INFO - __main__ -   Throughput for this batch: 0.005235287566743042
04/19/2026 04:48:27 - INFO - __main__ -   Throughput for this batch: 0.005237667414465365
04/19/2026 05:52:18 - INFO - __main__ -   Throughput for this batch: 0.005255753597578155
04/19/2026 06:56:24 - INFO - __main__ -   Throughput for this batch: 0.005235362316493117
04/19/2026 08:00:29 - INFO - __main__ -   Throughput for this batch: 0.005236152302224687
04/19/2026 09:04:35 - INFO - __main__ -   Throughput for this batch: 0.005234366148064927
04/19/2026 10:08:41 - INFO - __main__ -   Throughput for this batch: 0.005235385717785507
04/19/2026 11:12:44 - INFO - __main__ -   Throughput for this batch: 0.005238895669225304
04/19/2026 12:16:50 - INFO - __main__ -   Throughput for this batch: 0.005234765306966
04/19/2026 13:20:55 - INFO - __main__ -   Throughput for this batch: 0.005236285767953236
04/19/2026 14:24:51 - INFO - __main__ -   Throughput for this batch: 0.0052488520621911
04/19/2026 15:28:56 - INFO - __main__ -   Throughput for this batch: 0.005236470735568713
04/19/2026 16:33:00 - INFO - __main__ -   Throughput for this batch: 0.005238053701515501
04/19/2026 17:37:05 - INFO - __main__ -   Throughput for this batch: 0.005235284987851533
04/19/2026 18:41:11 - INFO - __main__ -   Throughput for this batch: 0.005236286663212629
04/19/2026 19:45:10 - INFO - __main__ -   Throughput for this batch: 0.005243685277991826
04/19/2026 20:49:15 - INFO - __main__ -   Throughput for this batch: 0.0052365269205179475
04/19/2026 21:53:22 - INFO - __main__ -   Throughput for this batch: 0.005234058311050124
04/19/2026 22:55:33 - INFO - __main__ -   Throughput for this batch: 0.005397180414202988
04/19/2026 23:55:39 - INFO - __main__ -   Throughput for this batch: 0.005583419775458427
04/20/2026 00:55:47 - INFO - __main__ -   Throughput for this batch: 0.0055813806115596835
04/20/2026 01:55:54 - INFO - __main__ -   Throughput for this batch: 0.005582372399651733
04/20/2026 02:56:02 - INFO - __main__ -   Throughput for this batch: 0.005582225530289745
04/20/2026 03:55:53 - INFO - __main__ -   Throughput for this batch: 0.005607847177213373
04/20/2026 04:56:00 - INFO - __main__ -   Throughput for this batch: 0.0055816372458287545
04/20/2026 05:56:06 - INFO - __main__ -   Throughput for this batch: 0.005585190116279652
04/20/2026 06:56:14 - INFO - __main__ -   Throughput for this batch: 0.005581391742310448
04/20/2026 07:56:21 - INFO - __main__ -   Throughput for this batch: 0.005581271997994135
04/20/2026 08:56:29 - INFO - __main__ -   Throughput for this batch: 0.005581478870294451
04/20/2026 09:56:19 - INFO - __main__ -   Throughput for this batch: 0.005610455770021509
04/20/2026 10:56:04 - INFO - __main__ -   Throughput for this batch: 0.005617357105564684
04/20/2026 11:54:27 - INFO - __main__ -   Throughput for this batch: 0.005748552161162664
04/20/2026 12:52:51 - INFO - __main__ -   Throughput for this batch: 0.0057482438284375895
04/20/2026 13:51:13 - INFO - __main__ -   Throughput for this batch: 0.005751614508024443
04/20/2026 14:49:22 - INFO - __main__ -   Throughput for this batch: 0.005773471027610509
04/20/2026 15:47:31 - INFO - __main__ -   Throughput for this batch: 0.005773629629048016
04/20/2026 16:45:38 - INFO - __main__ -   Throughput for this batch: 0.005774878555334022
04/20/2026 17:43:46 - INFO - __main__ -   Throughput for this batch: 0.005774228892882764
04/20/2026 18:41:54 - INFO - __main__ -   Throughput for this batch: 0.005775284669501961
04/20/2026 19:40:02 - INFO - __main__ -   Throughput for this batch: 0.005774907389651031
04/20/2026 20:38:09 - INFO - __main__ -   Throughput for this batch: 0.005774857136809777
04/20/2026 21:36:17 - INFO - __main__ -   Throughput for this batch: 0.005775068548129516
04/20/2026 22:34:23 - INFO - __main__ -   Throughput for this batch: 0.005778337684782219
04/20/2026 23:32:31 - INFO - __main__ -   Throughput for this batch: 0.00577495637672636
04/21/2026 00:30:38 - INFO - __main__ -   Throughput for this batch: 0.005775262125124091
04/21/2026 01:28:46 - INFO - __main__ -   Throughput for this batch: 0.0057751011689469054
04/21/2026 02:26:54 - INFO - __main__ -   Throughput for this batch: 0.005774528451405554
04/21/2026 03:25:04 - INFO - __main__ -   Throughput for this batch: 0.005771426871011651
04/21/2026 04:23:13 - INFO - __main__ -   Throughput for this batch: 0.005772662809322912
04/21/2026 05:21:25 - INFO - __main__ -   Throughput for this batch: 0.0057678999751661015
04/21/2026 06:19:33 - INFO - __main__ -   Throughput for this batch: 0.005774219308842799
04/21/2026 07:17:41 - INFO - __main__ -   Throughput for this batch: 0.005775132594583385
04/21/2026 08:15:48 - INFO - __main__ -   Throughput for this batch: 0.005775247938160587
04/21/2026 09:13:56 - INFO - __main__ -   Throughput for this batch: 0.005775311796148595
04/21/2026 10:12:04 - INFO - __main__ -   Throughput for this batch: 0.005775069781422535
04/21/2026 11:10:11 - INFO - __main__ -   Throughput for this batch: 0.005774785067321928
04/21/2026 12:08:20 - INFO - __main__ -   Throughput for this batch: 0.005774561813440567
04/21/2026 13:06:28 - INFO - __main__ -   Throughput for this batch: 0.005774630745297499
04/21/2026 14:04:35 - INFO - __main__ -   Throughput for this batch: 0.005774989173592285
04/21/2026 15:02:44 - INFO - __main__ -   Throughput for this batch: 0.005773616913654088
04/21/2026 16:00:52 - INFO - __main__ -   Throughput for this batch: 0.005775045242489201
04/21/2026 16:59:00 - INFO - __main__ -   Throughput for this batch: 0.005774683624235279
04/21/2026 17:57:07 - INFO - __main__ -   Throughput for this batch: 0.005775002735098264
04/21/2026 18:55:15 - INFO - __main__ -   Throughput for this batch: 0.0057745144357928685
04/21/2026 19:53:23 - INFO - __main__ -   Throughput for this batch: 0.005775122693449264
04/21/2026 20:51:31 - INFO - __main__ -   Throughput for this batch: 0.005775390242752046
04/21/2026 21:49:38 - INFO - __main__ -   Throughput for this batch: 0.005775154602791488
04/21/2026 22:47:46 - INFO - __main__ -   Throughput for this batch: 0.0057748594175593936
04/21/2026 23:45:54 - INFO - __main__ -   Throughput for this batch: 0.005774908925019201
04/22/2026 00:44:01 - INFO - __main__ -   Throughput for this batch: 0.0057751698353655755
04/22/2026 01:42:09 - INFO - __main__ -   Throughput for this batch: 0.005775014483737107
04/22/2026 02:40:17 - INFO - __main__ -   Throughput for this batch: 0.005775421735950462
04/22/2026 03:38:24 - INFO - __main__ -   Throughput for this batch: 0.005775247449504612
04/22/2026 04:36:34 - INFO - __main__ -   Throughput for this batch: 0.005772500792017031
04/22/2026 05:34:41 - INFO - __main__ -   Throughput for this batch: 0.005775136147438086
04/22/2026 06:32:49 - INFO - __main__ -   Throughput for this batch: 0.005774574730560194
04/22/2026 07:30:57 - INFO - __main__ -   Throughput for this batch: 0.005775110507025891
04/22/2026 08:29:05 - INFO - __main__ -   Throughput for this batch: 0.005775080465213115
04/22/2026 08:29:31 - INFO - __main__ -   sampling of 1999 images finished in 6327.71 minutes.
04/22/2026 08:29:31 - INFO - __main__ -   done.
