2026-06-15 13:40:41,416 Loading FP32: C:\Users\wsh/.cache\diffusion_models_converted\ema_diffusion_lsun_bedroom_model/model-2388000.ckpt
2026-06-15 13:40:42,237 加载校准集: C:\Users\wsh\Desktop\q-diffusion-master\lsun_bedroom_ddim_sd1236_sample256_allst.pt
2026-06-15 13:41:09,462 Selected 4 steps from 100 sampling steps
2026-06-15 13:41:10,689 校准形状 xs=(16, 3, 256, 256) ts=(16,)
2026-06-15 13:41:10,710 校准 xs 内存约 12.0 MB（每层缓存同量级特征时会再乘通道因子）
2026-06-15 13:41:44,474 split at 512!
2026-06-15 13:41:45,438 split at 256!
2026-06-15 13:41:46,395 split at 256!
2026-06-15 13:41:47,645 split at 256!
2026-06-15 13:41:48,863 split at 256!
2026-06-15 13:41:49,803 split at 256!
2026-06-15 13:41:50,710 split at 256!
2026-06-15 13:41:51,196 split at 128!
2026-06-15 13:41:51,678 split at 128!
2026-06-15 13:41:52,397 split at 128!
2026-06-15 13:41:52,787 split at 128!
2026-06-15 13:41:53,174 split at 128!
2026-06-15 13:41:53,336 权重量化 scale 初始化完成
2026-06-15 13:41:53,336 开始 ultra-lite 权重 BRECQ（iters=150, cali=16, batch=1）…
2026-06-15 13:41:53,348 [1] layer BRECQ: model.temb.dense.0
2026-06-15 13:41:57,574 in shape: torch.Size([16, 128])
2026-06-15 13:41:57,574 out shape: torch.Size([16, 512])
2026-06-15 13:41:58,757 [2] layer BRECQ: model.temb.dense.1
2026-06-15 13:41:58,843 in shape: torch.Size([16, 512])
2026-06-15 13:41:58,844 out shape: torch.Size([16, 512])
2026-06-15 13:41:59,267 [3] layer BRECQ: model.conv_in
2026-06-15 13:41:59,747 in shape: torch.Size([16, 3, 256, 256])
2026-06-15 13:41:59,748 out shape: torch.Size([16, 128, 256, 256])
2026-06-15 13:42:01,784 [4] block BRECQ: model.down.0.block.0
2026-06-15 13:42:02,669 in 1 shape: torch.Size([16, 128, 256, 256]), in 2 shape: torch.Size([16, 512])
2026-06-15 13:42:02,669 out shape: torch.Size([16, 128, 256, 256])
2026-06-15 13:42:07,071 [5] block BRECQ: model.down.0.block.1
2026-06-15 13:42:08,026 in 1 shape: torch.Size([16, 128, 256, 256]), in 2 shape: torch.Size([16, 512])
2026-06-15 13:42:08,026 out shape: torch.Size([16, 128, 256, 256])
2026-06-15 13:42:12,362 [6] layer BRECQ: model.down.0.downsample.conv
2026-06-15 13:42:13,094 in shape: torch.Size([16, 128, 257, 257])
2026-06-15 13:42:13,094 out shape: torch.Size([16, 128, 128, 128])
2026-06-15 13:42:15,262 [7] block BRECQ: model.down.1.block.0
2026-06-15 13:42:15,683 in 1 shape: torch.Size([16, 128, 128, 128]), in 2 shape: torch.Size([16, 512])
2026-06-15 13:42:15,684 out shape: torch.Size([16, 128, 128, 128])
2026-06-15 13:42:17,464 [8] block BRECQ: model.down.1.block.1
2026-06-15 13:42:17,896 in 1 shape: torch.Size([16, 128, 128, 128]), in 2 shape: torch.Size([16, 512])
2026-06-15 13:42:17,897 out shape: torch.Size([16, 128, 128, 128])
2026-06-15 13:42:19,619 [9] layer BRECQ: model.down.1.downsample.conv
2026-06-15 13:42:20,034 in shape: torch.Size([16, 128, 129, 129])
2026-06-15 13:42:20,034 out shape: torch.Size([16, 128, 64, 64])
2026-06-15 13:42:20,905 [10] block BRECQ: model.down.2.block.0
2026-06-15 13:42:21,339 in 1 shape: torch.Size([16, 128, 64, 64]), in 2 shape: torch.Size([16, 512])
2026-06-15 13:42:21,339 out shape: torch.Size([16, 256, 64, 64])
2026-06-15 13:42:22,944 [11] block BRECQ: model.down.2.block.1
2026-06-15 13:42:23,391 in 1 shape: torch.Size([16, 256, 64, 64]), in 2 shape: torch.Size([16, 512])
2026-06-15 13:42:23,391 out shape: torch.Size([16, 256, 64, 64])
2026-06-15 13:42:24,790 [12] layer BRECQ: model.down.2.downsample.conv
2026-06-15 13:42:25,239 in shape: torch.Size([16, 256, 65, 65])
2026-06-15 13:42:25,240 out shape: torch.Size([16, 256, 32, 32])
2026-06-15 13:42:25,934 [13] block BRECQ: model.down.3.block.0
2026-06-15 13:42:26,368 in 1 shape: torch.Size([16, 256, 32, 32]), in 2 shape: torch.Size([16, 512])
2026-06-15 13:42:26,368 out shape: torch.Size([16, 256, 32, 32])
2026-06-15 13:42:27,535 [14] block BRECQ: model.down.3.block.1
2026-06-15 13:42:27,975 in 1 shape: torch.Size([16, 256, 32, 32]), in 2 shape: torch.Size([16, 512])
2026-06-15 13:42:27,976 out shape: torch.Size([16, 256, 32, 32])
2026-06-15 13:42:29,126 [15] layer BRECQ: model.down.3.downsample.conv
2026-06-15 13:42:29,557 in shape: torch.Size([16, 256, 33, 33])
2026-06-15 13:42:29,558 out shape: torch.Size([16, 256, 16, 16])
2026-06-15 13:42:30,083 [16] block BRECQ: model.down.4.block.0
2026-06-15 13:42:30,534 in 1 shape: torch.Size([16, 256, 16, 16]), in 2 shape: torch.Size([16, 512])
2026-06-15 13:42:30,534 out shape: torch.Size([16, 512, 16, 16])
2026-06-15 13:42:31,977 [17] block BRECQ: model.down.4.block.1
2026-06-15 13:42:32,435 in 1 shape: torch.Size([16, 512, 16, 16]), in 2 shape: torch.Size([16, 512])
2026-06-15 13:42:32,435 out shape: torch.Size([16, 512, 16, 16])
2026-06-15 13:42:33,722 [18] block BRECQ: model.down.4.attn.0
2026-06-15 13:42:34,177 in shape: torch.Size([16, 512, 16, 16])
2026-06-15 13:42:34,178 out shape: torch.Size([16, 512, 16, 16])
2026-06-15 13:42:35,534 [19] block BRECQ: model.down.4.attn.1
2026-06-15 13:42:36,001 in shape: torch.Size([16, 512, 16, 16])
2026-06-15 13:42:36,001 out shape: torch.Size([16, 512, 16, 16])
2026-06-15 13:42:37,247 [20] layer BRECQ: model.down.4.downsample.conv
2026-06-15 13:42:37,713 in shape: torch.Size([16, 512, 17, 17])
2026-06-15 13:42:37,714 out shape: torch.Size([16, 512, 8, 8])
2026-06-15 13:42:38,394 [21] block BRECQ: model.down.5.block.0
2026-06-15 13:42:38,863 in 1 shape: torch.Size([16, 512, 8, 8]), in 2 shape: torch.Size([16, 512])
2026-06-15 13:42:38,863 out shape: torch.Size([16, 512, 8, 8])
2026-06-15 13:42:40,140 [22] block BRECQ: model.down.5.block.1
2026-06-15 13:42:40,621 in 1 shape: torch.Size([16, 512, 8, 8]), in 2 shape: torch.Size([16, 512])
2026-06-15 13:42:40,621 out shape: torch.Size([16, 512, 8, 8])
2026-06-15 13:42:41,887 [23] block BRECQ: model.mid.block_1
2026-06-15 13:42:42,372 in 1 shape: torch.Size([16, 512, 8, 8]), in 2 shape: torch.Size([16, 512])
2026-06-15 13:42:42,372 out shape: torch.Size([16, 512, 8, 8])
2026-06-15 13:42:43,587 [24] block BRECQ: model.mid.attn_1
2026-06-15 13:42:44,088 in shape: torch.Size([16, 512, 8, 8])
2026-06-15 13:42:44,089 out shape: torch.Size([16, 512, 8, 8])
2026-06-15 13:42:45,327 [25] block BRECQ: model.mid.block_2
2026-06-15 13:42:45,817 in 1 shape: torch.Size([16, 512, 8, 8]), in 2 shape: torch.Size([16, 512])
2026-06-15 13:42:45,818 out shape: torch.Size([16, 512, 8, 8])
2026-06-15 13:42:47,061 [26] block BRECQ: model.up.0.block.0
2026-06-15 13:42:49,249 in 1 shape: torch.Size([16, 256, 256, 256]), in 2 shape: torch.Size([16, 512])
2026-06-15 13:42:49,250 out shape: torch.Size([16, 128, 256, 256])
2026-06-15 13:42:55,481 [27] block BRECQ: model.up.0.block.1
2026-06-15 13:42:57,818 in 1 shape: torch.Size([16, 256, 256, 256]), in 2 shape: torch.Size([16, 512])
2026-06-15 13:42:57,818 out shape: torch.Size([16, 128, 256, 256])
2026-06-15 13:43:04,084 [28] block BRECQ: model.up.0.block.2
2026-06-15 13:43:06,610 in 1 shape: torch.Size([16, 256, 256, 256]), in 2 shape: torch.Size([16, 512])
2026-06-15 13:43:06,610 out shape: torch.Size([16, 128, 256, 256])
2026-06-15 13:43:12,864 [29] block BRECQ: model.up.1.block.0
2026-06-15 13:43:14,040 in 1 shape: torch.Size([16, 384, 128, 128]), in 2 shape: torch.Size([16, 512])
2026-06-15 13:43:14,041 out shape: torch.Size([16, 128, 128, 128])
2026-06-15 13:43:16,779 [30] block BRECQ: model.up.1.block.1
2026-06-15 13:43:17,767 in 1 shape: torch.Size([16, 256, 128, 128]), in 2 shape: torch.Size([16, 512])
2026-06-15 13:43:17,767 out shape: torch.Size([16, 128, 128, 128])
2026-06-15 13:43:20,195 [31] block BRECQ: model.up.1.block.2
2026-06-15 13:43:21,220 in 1 shape: torch.Size([16, 256, 128, 128]), in 2 shape: torch.Size([16, 512])
2026-06-15 13:43:21,221 out shape: torch.Size([16, 128, 128, 128])
2026-06-15 13:43:23,752 [32] layer BRECQ: model.up.1.upsample.conv
2026-06-15 13:43:25,119 in shape: torch.Size([16, 128, 256, 256])
2026-06-15 13:43:25,119 out shape: torch.Size([16, 128, 256, 256])
2026-06-15 13:43:28,451 [33] block BRECQ: model.up.2.block.0
2026-06-15 13:43:29,243 in 1 shape: torch.Size([16, 512, 64, 64]), in 2 shape: torch.Size([16, 512])
2026-06-15 13:43:29,244 out shape: torch.Size([16, 256, 64, 64])
2026-06-15 13:43:31,251 [34] block BRECQ: model.up.2.block.1
2026-06-15 13:43:32,004 in 1 shape: torch.Size([16, 512, 64, 64]), in 2 shape: torch.Size([16, 512])
2026-06-15 13:43:32,004 out shape: torch.Size([16, 256, 64, 64])
2026-06-15 13:43:33,970 [35] block BRECQ: model.up.2.block.2
2026-06-15 13:43:34,758 in 1 shape: torch.Size([16, 384, 64, 64]), in 2 shape: torch.Size([16, 512])
2026-06-15 13:43:34,759 out shape: torch.Size([16, 256, 64, 64])
2026-06-15 13:43:36,578 [36] layer BRECQ: model.up.2.upsample.conv
2026-06-15 13:43:37,553 in shape: torch.Size([16, 256, 128, 128])
2026-06-15 13:43:37,553 out shape: torch.Size([16, 256, 128, 128])
2026-06-15 13:43:39,469 [37] block BRECQ: model.up.3.block.0
2026-06-15 13:43:40,087 in 1 shape: torch.Size([16, 768, 32, 32]), in 2 shape: torch.Size([16, 512])
2026-06-15 13:43:40,088 out shape: torch.Size([16, 256, 32, 32])
2026-06-15 13:43:41,773 [38] block BRECQ: model.up.3.block.1
2026-06-15 13:43:42,390 in 1 shape: torch.Size([16, 512, 32, 32]), in 2 shape: torch.Size([16, 512])
2026-06-15 13:43:42,390 out shape: torch.Size([16, 256, 32, 32])
2026-06-15 13:43:43,987 [39] block BRECQ: model.up.3.block.2
2026-06-15 13:43:44,617 in 1 shape: torch.Size([16, 512, 32, 32]), in 2 shape: torch.Size([16, 512])
2026-06-15 13:43:44,618 out shape: torch.Size([16, 256, 32, 32])
2026-06-15 13:43:46,146 [40] layer BRECQ: model.up.3.upsample.conv
2026-06-15 13:43:46,814 in shape: torch.Size([16, 256, 64, 64])
2026-06-15 13:43:46,815 out shape: torch.Size([16, 256, 64, 64])
2026-06-15 13:43:47,642 [41] block BRECQ: model.up.4.block.0
2026-06-15 13:43:48,189 in 1 shape: torch.Size([16, 1024, 16, 16]), in 2 shape: torch.Size([16, 512])
2026-06-15 13:43:48,189 out shape: torch.Size([16, 512, 16, 16])
2026-06-15 13:43:49,915 [42] block BRECQ: model.up.4.block.1
2026-06-15 13:43:50,477 in 1 shape: torch.Size([16, 1024, 16, 16]), in 2 shape: torch.Size([16, 512])
2026-06-15 13:43:50,478 out shape: torch.Size([16, 512, 16, 16])
2026-06-15 13:43:52,191 [43] block BRECQ: model.up.4.block.2
2026-06-15 13:43:52,778 in 1 shape: torch.Size([16, 768, 16, 16]), in 2 shape: torch.Size([16, 512])
2026-06-15 13:43:52,778 out shape: torch.Size([16, 512, 16, 16])
2026-06-15 13:43:54,364 [44] block BRECQ: model.up.4.attn.0
2026-06-15 13:43:54,928 in shape: torch.Size([16, 512, 16, 16])
2026-06-15 13:43:54,928 out shape: torch.Size([16, 512, 16, 16])
2026-06-15 13:43:56,217 [45] block BRECQ: model.up.4.attn.1
2026-06-15 13:43:56,803 in shape: torch.Size([16, 512, 16, 16])
2026-06-15 13:43:56,804 out shape: torch.Size([16, 512, 16, 16])
2026-06-15 13:43:58,068 [46] block BRECQ: model.up.4.attn.2
2026-06-15 13:43:58,650 in shape: torch.Size([16, 512, 16, 16])
2026-06-15 13:43:58,650 out shape: torch.Size([16, 512, 16, 16])
2026-06-15 13:43:59,885 [47] layer BRECQ: model.up.4.upsample.conv
2026-06-15 13:44:00,513 in shape: torch.Size([16, 512, 32, 32])
2026-06-15 13:44:00,513 out shape: torch.Size([16, 512, 32, 32])
2026-06-15 13:44:01,296 [48] block BRECQ: model.up.5.block.0
2026-06-15 13:44:01,805 in 1 shape: torch.Size([16, 1024, 8, 8]), in 2 shape: torch.Size([16, 512])
2026-06-15 13:44:01,805 out shape: torch.Size([16, 512, 8, 8])
2026-06-15 13:44:03,399 [49] block BRECQ: model.up.5.block.1
2026-06-15 13:44:03,921 in 1 shape: torch.Size([16, 1024, 8, 8]), in 2 shape: torch.Size([16, 512])
2026-06-15 13:44:03,921 out shape: torch.Size([16, 512, 8, 8])
2026-06-15 13:44:05,525 [50] block BRECQ: model.up.5.block.2
2026-06-15 13:44:06,054 in 1 shape: torch.Size([16, 1024, 8, 8]), in 2 shape: torch.Size([16, 512])
2026-06-15 13:44:06,054 out shape: torch.Size([16, 512, 8, 8])
2026-06-15 13:44:07,640 [51] layer BRECQ: model.up.5.upsample.conv
2026-06-15 13:44:08,191 in shape: torch.Size([16, 512, 16, 16])
2026-06-15 13:44:08,192 out shape: torch.Size([16, 512, 16, 16])
2026-06-15 13:44:08,870 [52] layer BRECQ: model.conv_out
2026-06-15 13:44:10,821 in shape: torch.Size([16, 128, 256, 256])
2026-06-15 13:44:10,821 out shape: torch.Size([16, 3, 256, 256])
2026-06-15 13:44:12,672 BRECQ 完成，共处理 52 个 layer/block
2026-06-15 13:44:14,085 已保存: bedroom_w8_lite_brecq\samples\2026-06-15-13-40-38\ckpt.pth
