# =============================================================================
# [TEMPLATE / 示例日志 — 非真实实验输出]
# 用途：展示 CIFAR-10 w8a8 两阶段分组 BRECQ 的典型 log 结构与耗时分布
# 总墙钟时间：约 7h 58m（08:00:00 → 15:58:00）
# 超参数：cali_st=20, cali_n=256, cali_iters=20000, cali_iters_a=5000, split, a_sym
# 请勿当作真实 run.log 引用；真实实验请保留原始日志文件
# =============================================================================

12/16/2025 08:00:00 - INFO - __main__ -   ===========================================================================
12/16/2025 08:00:00 - INFO - __main__ -   [TEMPLATE] 两阶段量化采样模式
12/16/2025 08:00:00 - INFO - __main__ -   logging to:
12/16/2025 08:00:00 - INFO - __main__ -   two_quant_output_w8a8_twostage/TEMPLATE/samples/2025-12-16-08-00-00
12/16/2025 08:00:00 - INFO - __main__ -   config: weight_bit=8, act_bit=8, quant_act=True, --two_stage
12/16/2025 08:00:00 - INFO - __main__ -   ===========================================================================
12/16/2025 08:00:01 - INFO - __main__ -   Loading checkpoint C:\Users\wsh/.cache\diffusion_models_converted\ema_diffusion_cifar10_model/model-790000.ckpt
12/16/2025 08:00:02 - INFO - __main__ -   从 layerwise_activation_statistics.json 加载 max_avg 统计（组0/组1 分组）
12/16/2025 08:00:02 - INFO - __main__ -   加载校准数据: cifar_sd1236_sample2048_allst.pt
12/16/2025 08:00:25 - INFO - qdiff.utils -   Selected 20 steps from 100 sampling steps
12/16/2025 08:00:26 - INFO - __main__ -   校准数据形状: torch.Size([5120, 3, 32, 32]) torch.Size([5120])

# ---------- 第一阶段：组0 BRECQ（约 3h 39m）----------
12/16/2025 08:00:26 - INFO - __main__ -   ===========================================================================
12/16/2025 08:00:26 - INFO - __main__ -   第一阶段：使用组0进行BRECQ量化
12/16/2025 08:00:26 - INFO - __main__ -   ===========================================================================
12/16/2025 08:00:26 - INFO - __main__ -   阶段1: 开始权重量化重建
12/16/2025 08:00:26 - INFO - __main__ -   初始化权重量化参数
12/16/2025 08:00:35 - INFO - qdiff.quant_layer -   split at 256!
12/16/2025 08:00:36 - INFO - qdiff.quant_layer -   split at 256!
12/16/2025 08:00:37 - INFO - qdiff.quant_layer -   split at 128!
12/16/2025 08:00:38 - INFO - __main__ -   初始化完成!
12/16/2025 08:00:38 - INFO - __main__ -   执行权重量化重建（BRECQ）
12/16/2025 08:00:55 - INFO - qdiff.utils -   in shape: torch.Size([5120, 128])
12/16/2025 08:00:55 - INFO - qdiff.utils -   out shape: torch.Size([5120, 512])
12/16/2025 08:01:10 - INFO - qdiff.layer_recon -   Total loss:	623.754 (rec:0.000, round:623.754)	b=20.00	count=5000
12/16/2025 08:01:45 - INFO - qdiff.layer_recon -   Total loss:	0.000 (rec:0.000, round:0.000)	b=2.00	count=20000
# ... [TEMPLATE: 省略阶段1其余层的 weight layer_recon / block_recon 日志，约 1700 行] ...
12/16/2025 10:49:30 - INFO - __main__ -   阶段1: 权重重建完成，开始激活量化（组0 max_avg）
12/16/2025 10:49:45 - INFO - qdiff.layer_recon -   Total loss:	521.479 (rec:521.479, round:0.000)	b=0.00	count=500
12/16/2025 10:50:00 - INFO - qdiff.layer_recon -   Total loss:	44.723 (rec:44.723, round:0.000)	b=0.00	count=5000
# ... [TEMPLATE: 省略阶段1其余层的 activation layer_recon / block_recon 日志，约 1100 行] ...
12/16/2025 11:41:00 - INFO - qdiff.layer_recon -   Total loss:	0.000 (rec:0.000, round:0.000)	b=0.00	count=5000
12/16/2025 11:41:00 - INFO - __main__ -   阶段1: BRECQ量化重建完成
12/16/2025 11:41:00 - INFO - __main__ -   第一阶段：开始采样生成中间噪声图像
12/16/2025 11:41:00 - INFO - __main__ -   前半段采样：生成 10000 张中间噪声图像
12/16/2025 11:41:00 - INFO - __main__ -   前半段采样序列: 800 -> 220 (共48步, skip_type=quad)

# ---------- 组间前半段采样（约 20m）----------
12/16/2025 12:01:00 - INFO - __main__ -   中间噪声图像已保存到: .../intermediate_noise_images.pt

# ---------- 第二阶段：组1 BRECQ（约 3h 39m）----------
12/16/2025 12:01:00 - INFO - __main__ -   ===========================================================================
12/16/2025 12:01:00 - INFO - __main__ -   第二阶段：使用组1进行BRECQ量化
12/16/2025 12:01:00 - INFO - __main__ -   ===========================================================================
12/16/2025 12:01:00 - INFO - __main__ -   阶段2: 开始权重量化重建
12/16/2025 12:01:00 - INFO - __main__ -   初始化权重量化参数
12/16/2025 12:01:09 - INFO - qdiff.quant_layer -   split at 256!
12/16/2025 12:01:10 - INFO - qdiff.quant_layer -   split at 128!
12/16/2025 12:01:11 - INFO - __main__ -   初始化完成!
12/16/2025 12:01:11 - INFO - __main__ -   执行权重量化重建（BRECQ）
12/16/2025 12:01:28 - INFO - qdiff.utils -   in shape: torch.Size([5120, 128])
12/16/2025 12:01:28 - INFO - qdiff.utils -   out shape: torch.Size([5120, 512])
12/16/2025 12:01:43 - INFO - qdiff.layer_recon -   Total loss:	623.683 (rec:0.000, round:623.683)	b=20.00	count=5000
12/16/2025 12:02:18 - INFO - qdiff.layer_recon -   Total loss:	0.000 (rec:0.000, round:0.000)	b=2.00	count=20000
# ... [TEMPLATE: 省略阶段2其余层的 weight layer_recon / block_recon 日志，约 1700 行] ...
12/16/2025 14:49:30 - INFO - __main__ -   阶段2: 权重重建完成，开始激活量化（组1 max_avg）
12/16/2025 14:49:45 - INFO - qdiff.layer_recon -   Total loss:	521.479 (rec:521.479, round:0.000)	b=0.00	count=500
12/16/2025 14:50:00 - INFO - qdiff.layer_recon -   Total loss:	44.723 (rec:44.723, round:0.000)	b=0.00	count=5000
# ... [TEMPLATE: 省略阶段2其余层的 activation layer_recon / block_recon 日志，约 1100 行] ...
12/16/2025 15:41:00 - INFO - qdiff.layer_recon -   Total loss:	0.000 (rec:0.000, round:0.000)	b=0.00	count=5000
12/16/2025 15:41:00 - INFO - __main__ -   阶段2: BRECQ量化重建完成
12/16/2025 15:41:00 - INFO - __main__ -   第二阶段：从中间噪声图像生成最终图像
12/16/2025 15:41:00 - INFO - __main__ -   后半段采样：从中间噪声图像生成最终图像
12/16/2025 15:41:00 - INFO - __main__ -   后半段采样序列: 212 -> 0 (共48步, skip_type=quad)

# ---------- 后半段采样（约 17m）----------
12/16/2025 15:58:00 - INFO - __main__ -   生成 10000 张最终图像
12/16/2025 15:58:00 - INFO - __main__ -   最终图像已保存到: .../final_samples.pt
12/16/2025 15:58:00 - INFO - __main__ -   两阶段量化采样完成！

# =============================================================================
# [TEMPLATE] 耗时汇总（供文档/对比表使用）
# -----------------------------------------------------------------------------
# 阶段                          | 起止时间              | 耗时
# ------------------------------|----------------------|----------
# 加载 + 校准数据               | 08:00:00 → 08:00:38  | ~38s
# 阶段1 权重 BRECQ              | 08:00:38 → 10:49:30  | ~2h 49m
# 阶段1 激活 BRECQ              | 10:49:30 → 11:41:00  | ~51m
# 阶段1 BRECQ 小计              |                      | ~3h 40m
# 前半段采样                    | 11:41:00 → 12:01:00  | ~20m
# 阶段2 权重 BRECQ              | 12:01:11 → 14:49:30  | ~2h 48m
# 阶段2 激活 BRECQ              | 14:49:30 → 15:41:00  | ~51m
# 阶段2 BRECQ 小计              |                      | ~3h 39m
# 后半段采样                    | 15:41:00 → 15:58:00  | ~17m
# ------------------------------|----------------------|----------
# BRECQ 重建合计                |                      | ~7h 19m  (≈2×单阶段3h39m)
# 全流程合计                    | 08:00:00 → 15:58:00  | 7h 58m
# =============================================================================
