04/23/2026 14:12:45 - INFO - __main__ -   ===========================================================================
04/23/2026 14:12:45 - INFO - __main__ -   Host DESKTOP-1QPSH7L
04/23/2026 14:12:45 - INFO - __main__ -   logging to:
04/23/2026 14:12:45 - INFO - __main__ -   church_w8a8_sample\models/ldm/lsun_churches256\samples\2026-04-23-14-12-45
04/23/2026 14:12:45 - INFO - __main__ -   ===========================================================================
04/23/2026 14:12:45 - INFO - __main__ -   Loading model from models/ldm/lsun_churches256/model.ckpt
04/23/2026 14:12:50 - INFO - ldm.util -   DiffusionWrapper has 294.97 M params.
04/23/2026 14:12:50 - INFO - ldm.modules.diffusionmodules.model -   making attention of type 'vanilla' with 512 in_channels
04/23/2026 14:12:50 - INFO - ldm.modules.diffusionmodules.model -   Working with z of shape (1, 4, 32, 32) = 4096 dimensions.
04/23/2026 14:12:50 - INFO - ldm.modules.diffusionmodules.model -   making attention of type 'vanilla' with 512 in_channels
04/23/2026 14:12:52 - INFO - __main__ -   global step: 500000
04/23/2026 14:12:52 - INFO - __main__ -   Switched to EMA weights
04/23/2026 14:12:52 - INFO - __main__ -   Load with min-max quick initialization
04/23/2026 14:14:31 - INFO - __main__ -   Using DDIM sampling with 400 sampling steps and eta=0.0
04/23/2026 14:14:31 - INFO - __main__ -   Running unconditional sampling for 2000 samples
04/23/2026 15:06:20 - INFO - __main__ -   Throughput for this batch: 0.006484154780816517
04/23/2026 16:25:33 - INFO - __main__ -   Throughput for this batch: 0.004216339994745588
04/23/2026 17:45:10 - INFO - __main__ -   Throughput for this batch: 0.004210099190379345
04/23/2026 19:04:48 - INFO - __main__ -   Throughput for this batch: 0.004209052103347139
04/23/2026 20:24:26 - INFO - __main__ -   Throughput for this batch: 0.004209243696916322
04/23/2026 21:44:04 - INFO - __main__ -   Throughput for this batch: 0.004209311999283914
04/23/2026 23:03:43 - INFO - __main__ -   Throughput for this batch: 0.004208854866724017
04/24/2026 00:23:20 - INFO - __main__ -   Throughput for this batch: 0.004210117268876305
04/24/2026 01:42:56 - INFO - __main__ -   Throughput for this batch: 0.004210274708533124
04/24/2026 03:02:34 - INFO - __main__ -   Throughput for this batch: 0.004210295557216305
04/24/2026 04:22:10 - INFO - __main__ -   Throughput for this batch: 0.004210578522418089
04/24/2026 05:41:50 - INFO - __main__ -   Throughput for this batch: 0.0042079596690347675
04/24/2026 07:01:27 - INFO - __main__ -   Throughput for this batch: 0.004210213587734486
04/24/2026 08:21:04 - INFO - __main__ -   Throughput for this batch: 0.004210003415117226
04/24/2026 09:40:41 - INFO - __main__ -   Throughput for this batch: 0.004210052714485709
04/24/2026 11:00:19 - INFO - __main__ -   Throughput for this batch: 0.004209235638144363
04/24/2026 12:20:01 - INFO - __main__ -   Throughput for this batch: 0.0042064438959351
04/24/2026 13:39:38 - INFO - __main__ -   Throughput for this batch: 0.00420999472612417
04/24/2026 14:59:17 - INFO - __main__ -   Throughput for this batch: 0.0042087426902822234
04/24/2026 16:18:54 - INFO - __main__ -   Throughput for this batch: 0.0042092505589886664
04/24/2026 17:40:16 - INFO - __main__ -   Throughput for this batch: 0.004122536034961413
04/24/2026 19:00:37 - INFO - __main__ -   Throughput for this batch: 0.004171903311022251
04/24/2026 20:20:59 - INFO - __main__ -   Throughput for this batch: 0.00417090343449022
04/24/2026 21:41:21 - INFO - __main__ -   Throughput for this batch: 0.004171474068676662
04/24/2026 23:01:41 - INFO - __main__ -   Throughput for this batch: 0.004172307005209556
04/25/2026 00:22:01 - INFO - __main__ -   Throughput for this batch: 0.00417201135836514
04/25/2026 01:42:21 - INFO - __main__ -   Throughput for this batch: 0.004172709092548293
04/25/2026 03:02:41 - INFO - __main__ -   Throughput for this batch: 0.004172677993044983
04/25/2026 04:23:04 - INFO - __main__ -   Throughput for this batch: 0.004170438216481812
04/25/2026 05:43:24 - INFO - __main__ -   Throughput for this batch: 0.0041725676063577325
04/25/2026 07:03:44 - INFO - __main__ -   Throughput for this batch: 0.004173022047425161
04/25/2026 08:24:03 - INFO - __main__ -   Throughput for this batch: 0.004173080359908308
04/25/2026 09:44:23 - INFO - __main__ -   Throughput for this batch: 0.004172483568040995
04/25/2026 11:04:13 - INFO - __main__ -   Throughput for this batch: 0.004199418100285749
04/25/2026 12:23:49 - INFO - __main__ -   Throughput for this batch: 0.004211457439240929
04/25/2026 13:43:23 - INFO - __main__ -   Throughput for this batch: 0.0042120731854629135
04/25/2026 15:03:00 - INFO - __main__ -   Throughput for this batch: 0.004211186779398194
04/25/2026 16:22:35 - INFO - __main__ -   Throughput for this batch: 0.004212194719791026
04/25/2026 17:42:10 - INFO - __main__ -   Throughput for this batch: 0.004212202182444102
04/25/2026 19:01:45 - INFO - __main__ -   Throughput for this batch: 0.0042117352222813065
04/25/2026 20:21:20 - INFO - __main__ -   Throughput for this batch: 0.004212298282407603
04/25/2026 21:40:54 - INFO - __main__ -   Throughput for this batch: 0.0042125151988068555
04/25/2026 23:00:29 - INFO - __main__ -   Throughput for this batch: 0.004211912571462672
04/26/2026 00:20:04 - INFO - __main__ -   Throughput for this batch: 0.004212259013308771
04/26/2026 01:39:39 - INFO - __main__ -   Throughput for this batch: 0.004211611759192233
04/26/2026 02:59:14 - INFO - __main__ -   Throughput for this batch: 0.004211902797737071
04/26/2026 04:18:52 - INFO - __main__ -   Throughput for this batch: 0.004209631261952247
04/26/2026 05:38:26 - INFO - __main__ -   Throughput for this batch: 0.004212459264916617
04/26/2026 06:58:02 - INFO - __main__ -   Throughput for this batch: 0.004212065749915298
04/26/2026 08:17:36 - INFO - __main__ -   Throughput for this batch: 0.004212048167340579
04/26/2026 09:37:11 - INFO - __main__ -   Throughput for this batch: 0.004212061570987056
04/26/2026 10:56:46 - INFO - __main__ -   Throughput for this batch: 0.004212115410827659
04/26/2026 12:16:21 - INFO - __main__ -   Throughput for this batch: 0.004212260569421849
04/26/2026 13:35:56 - INFO - __main__ -   Throughput for this batch: 0.004211807717758748
04/26/2026 14:55:38 - INFO - __main__ -   Throughput for this batch: 0.004206105033561381
04/26/2026 16:15:13 - INFO - __main__ -   Throughput for this batch: 0.004211529973152975
04/26/2026 17:34:49 - INFO - __main__ -   Throughput for this batch: 0.004211576887010247
04/26/2026 18:54:24 - INFO - __main__ -   Throughput for this batch: 0.00421204986288361
04/26/2026 20:13:59 - INFO - __main__ -   Throughput for this batch: 0.004211763722469177
04/26/2026 21:33:34 - INFO - __main__ -   Throughput for this batch: 0.004212114545157833
04/26/2026 22:53:12 - INFO - __main__ -   Throughput for this batch: 0.004209483837768156
04/27/2026 00:12:47 - INFO - __main__ -   Throughput for this batch: 0.004211480129408418
04/27/2026 01:32:22 - INFO - __main__ -   Throughput for this batch: 0.004211960362834047
04/27/2026 02:51:58 - INFO - __main__ -   Throughput for this batch: 0.0042118198081234045
04/27/2026 04:11:34 - INFO - __main__ -   Throughput for this batch: 0.004211175107868339
04/27/2026 05:31:11 - INFO - __main__ -   Throughput for this batch: 0.004209659924434754
04/27/2026 06:50:46 - INFO - __main__ -   Throughput for this batch: 0.004211752219660992
04/27/2026 08:10:22 - INFO - __main__ -   Throughput for this batch: 0.004211769103409511
04/27/2026 09:29:57 - INFO - __main__ -   Throughput for this batch: 0.004211754454832971
04/27/2026 10:49:37 - INFO - __main__ -   Throughput for this batch: 0.004207788267552338
04/27/2026 12:13:46 - INFO - __main__ -   Throughput for this batch: 0.003983186621866197
04/27/2026 13:38:01 - INFO - __main__ -   Throughput for this batch: 0.004002105820522954
04/27/2026 14:56:49 - INFO - __main__ -   Throughput for this batch: 0.0042521191218554836
04/27/2026 16:15:41 - INFO - __main__ -   Throughput for this batch: 0.004248772924314225
04/27/2026 17:34:28 - INFO - __main__ -   Throughput for this batch: 0.0042536306025521475
04/27/2026 18:53:16 - INFO - __main__ -   Throughput for this batch: 0.004253043213849536
04/27/2026 20:12:01 - INFO - __main__ -   Throughput for this batch: 0.004256050144753451
04/27/2026 21:30:45 - INFO - __main__ -   Throughput for this batch: 0.004255928702339462
04/27/2026 22:49:30 - INFO - __main__ -   Throughput for this batch: 0.004255945129604312
04/28/2026 00:08:15 - INFO - __main__ -   Throughput for this batch: 0.004255974434230198
04/28/2026 01:26:59 - INFO - __main__ -   Throughput for this batch: 0.004255981869277604
04/28/2026 02:45:44 - INFO - __main__ -   Throughput for this batch: 0.004255884655163101
04/28/2026 04:04:29 - INFO - __main__ -   Throughput for this batch: 0.004255840375063621
04/28/2026 05:23:22 - INFO - __main__ -   Throughput for this batch: 0.0042480912007914935
04/28/2026 06:42:07 - INFO - __main__ -   Throughput for this batch: 0.004255578880654863
04/28/2026 08:00:52 - INFO - __main__ -   Throughput for this batch: 0.00425555130876827
04/28/2026 09:19:38 - INFO - __main__ -   Throughput for this batch: 0.004255260761685667
04/28/2026 10:38:24 - INFO - __main__ -   Throughput for this batch: 0.004255166581626062
04/28/2026 11:57:09 - INFO - __main__ -   Throughput for this batch: 0.004255150315994285
04/28/2026 13:15:55 - INFO - __main__ -   Throughput for this batch: 0.0042549635449115365
04/28/2026 14:34:41 - INFO - __main__ -   Throughput for this batch: 0.0042542468859316385
04/28/2026 15:53:26 - INFO - __main__ -   Throughput for this batch: 0.004254975878915447
04/28/2026 17:12:12 - INFO - __main__ -   Throughput for this batch: 0.004255159457653423
04/28/2026 18:30:58 - INFO - __main__ -   Throughput for this batch: 0.004254355951958104
04/28/2026 19:49:44 - INFO - __main__ -   Throughput for this batch: 0.004255272560146177
04/28/2026 21:08:29 - INFO - __main__ -   Throughput for this batch: 0.004255044328238885
04/28/2026 22:27:15 - INFO - __main__ -   Throughput for this batch: 0.004254807847750072
04/28/2026 23:46:01 - INFO - __main__ -   Throughput for this batch: 0.004255229375064314
04/29/2026 01:04:46 - INFO - __main__ -   Throughput for this batch: 0.004255206562869383
04/29/2026 02:23:31 - INFO - __main__ -   Throughput for this batch: 0.004255354719472274
04/29/2026 02:23:58 - INFO - __main__ -   sampling of 1999 images finished in 7929.44 minutes.
04/29/2026 02:23:58 - INFO - __main__ -   done.
